// Jest Snapshot v1, https://goo.gl/fbAQLP

exports[`Home Container Snapshot should match with old snapshot 1`] = `null`;
