// Jest Snapshot v1, https://goo.gl/fbAQLP

exports[`Home Component snapshot should match 1`] = `null`;
