// Jest Snapshot v1, https://goo.gl/fbAQLP

exports[`Header: should render previous snapshot 1`] = `
<header
  className="header"
>
  <div
    className="firstDiv"
  >
    <hr />
  </div>
  <div
    className="secondDiv"
  >
    <svg
      height="100"
      width="100"
    >
      <circle
        cx="50"
        cy="50"
        fill="grey"
        r="30"
        stroke="white"
        strokeWidth="3"
      />
      <text
        dy=".3em"
        stroke="white"
        strokeWidth="1px"
        textAnchor="middle"
        x="50%"
        y="50%"
      >
        BS
      </text>
    </svg>
  </div>
  <div
    className="thirdDiv"
  >
    <hr />
  </div>
</header>
`;
