// Jest Snapshot v1, https://goo.gl/fbAQLP

exports[`BookFooter snapshot should match 1`] = `
<div
  className="cardFooter"
>
  <div>
    <p
      className="rating"
    >
      4.3
    </p>
  </div>
  <div
    className="heartImage"
  >
    <img
      alt="heart-black"
      className="heart"
      onClick={[Function]}
      src={
        Object {
          "ReactComponent": [Function],
          "__esModule": true,
          "default": "heart-red.svg",
        }
      }
    />
  </div>
</div>
`;
